// Jest Snapshot v1, https://goo.gl/fbAQLP

exports[`Challenge length component Matches the snapshot 1`] = `<div />`;
