// Jest Snapshot v1, https://goo.gl/fbAQLP

exports[`endChallenge component Matches the snapshot 1`] = `
<div
  className="LandingPage"
>
  <button
    className="MuiButtonBase-root MuiButton-root MuiButton-text"
    disabled={false}
    onBlur={[Function]}
    onClick={[Function]}
    onDragLeave={[Function]}
    onFocus={[Function]}
    onKeyDown={[Function]}
    onKeyUp={[Function]}
    onMouseDown={[Function]}
    onMouseLeave={[Function]}
    onMouseUp={[Function]}
    onTouchEnd={[Function]}
    onTouchMove={[Function]}
    onTouchStart={[Function]}
    tabIndex={0}
    type="button"
  >
    <span
      className="MuiButton-label"
    >
      Return to challenges
    </span>
  </button>
  <font
    color="black"
  >
    <h1>
       
       your score is 
       
    </h1>
  </font>
</div>
`;
